2026-02-04 21:36:46,480 INFO: Flask app startup [in E:\GitHub\Group-15-Project-VI\app\app.py:86]
2026-02-04 21:37:51,787 INFO: Flask app startup [in E:\GitHub\Group-15-Project-VI\app\app.py:86]
2026-02-04 21:46:00,888 ERROR: Exception on /login [GET] [in E:\GitHub\Group-15-Project-VI\.venv\Lib\site-packages\flask\app.py:1414]
Traceback (most recent call last):
  File "E:\GitHub\Group-15-Project-VI\.venv\Lib\site-packages\flask\app.py", line 2190, in wsgi_app
    response = self.full_dispatch_request()
  File "E:\GitHub\Group-15-Project-VI\.venv\Lib\site-packages\flask\app.py", line 1486, in full_dispatch_request
    rv = self.handle_user_exception(e)
  File "E:\GitHub\Group-15-Project-VI\.venv\Lib\site-packages\flask\app.py", line 1484, in full_dispatch_request
    rv = self.dispatch_request()
  File "E:\GitHub\Group-15-Project-VI\.venv\Lib\site-packages\flask\app.py", line 1469, in dispatch_request
    return self.ensure_sync(self.view_functions[rule.endpoint])(**view_args)
           ~~~~~~~~~~~~~~~~~~~~~~~~~~~~~~~~~~~~~~~~~~~~~~~~~~~~^^^^^^^^^^^^^
  File "E:\GitHub\Group-15-Project-VI\app\app.py", line 165, in login
    user_id = session.get("user_id")
       ^^^^^^^^^^^^^^^^^^^^^^^^^^^^^
  File "E:\GitHub\Group-15-Project-VI\.venv\Lib\site-packages\flask\templating.py", line 150, in render_template
    template = app.jinja_env.get_or_select_template(template_name_or_list)
  File "E:\GitHub\Group-15-Project-VI\.venv\Lib\site-packages\jinja2\environment.py", line 1087, in get_or_select_template
    return self.get_template(template_name_or_list, parent, globals)
           ~~~~~~~~~~~~~~~~~^^^^^^^^^^^^^^^^^^^^^^^^^^^^^^^^^^^^^^^^
  File "E:\GitHub\Group-15-Project-VI\.venv\Lib\site-packages\jinja2\environment.py", line 1016, in get_template
    return self._load_template(name, globals)
           ~~~~~~~~~~~~~~~~~~~^^^^^^^^^^^^^^^
  File "E:\GitHub\Group-15-Project-VI\.venv\Lib\site-packages\jinja2\environment.py", line 975, in _load_template
    template = self.loader.load(self, name, self.make_globals(globals))
  File "E:\GitHub\Group-15-Project-VI\.venv\Lib\site-packages\jinja2\loaders.py", line 126, in load
    source, filename, uptodate = self.get_source(environment, name)
                                 ~~~~~~~~~~~~~~~^^^^^^^^^^^^^^^^^^^
  File "E:\GitHub\Group-15-Project-VI\.venv\Lib\site-packages\flask\templating.py", line 64, in get_source
    return self._get_source_fast(environment, template)
           ~~~~~~~~~~~~~~~~~~~~~^^^^^^^^^^^^^^^^^^^^^^^
  File "E:\GitHub\Group-15-Project-VI\.venv\Lib\site-packages\flask\templating.py", line 98, in _get_source_fast
    raise TemplateNotFound(template)
jinja2.exceptions.TemplateNotFound: login.html
2026-02-04 22:07:29,060 INFO: Flask app startup [in E:\GitHub\Group-15-Project-VI\app\app.py:83]
2026-02-04 22:14:38,043 INFO: Flask app startup [in E:\GitHub\Group-15-Project-VI\app\app.py:83]
